<html>
<body>
<pre>
<h1>µVision Build Log</h1>
<h2>Project:</h2>
C:\Workspace\swabc\SWABC2\Software\mc\ide\MDK412\STM32F0\STM32F0.uvproj
Project File Date:  05/19/2019

<h2>Output:</h2>
Build Project 'STM32F0' - Target 'STM32F0'
assembling startup_stm32f072.s...
compiling stm32f0xx_adc.c...
compiling stm32f0xx_can.c...
compiling stm32f0xx_dbgmcu.c...
compiling stm32f0xx_dma.c...
compiling stm32f0xx_exti.c...
compiling stm32f0xx_flash.c...
compiling stm32f0xx_gpio.c...
compiling stm32f0xx_misc.c...
compiling stm32f0xx_rcc.c...
compiling stm32f0xx_syscfg.c...
compiling stm32f0xx_tim.c...
compiling stm32f0xx_usart.c...
compiling bisch.c...
compiling main.c...
compiling system_stm32f0xx.c...
compiling mcu.c...
compiling mdo.c...
compiling mvect.c...
compiling cfg_bisch.c...
compiling demo0.c...
compiling cfg_demo0.c...
compiling cfg_demo1.c...
compiling cfg_bsw.c...
linking...
Program Size: Code=1120 RO-data=256 RW-data=28 ZI-data=1028  
FromELF: creating hex file...
".\out\swabc.axf" - 0 Error(s), 0 Warning(s).
Build Project 'STM32F0' - Target 'STM32F0'
compiling stm32f0xx_adc.c...
compiling stm32f0xx_can.c...
compiling stm32f0xx_dbgmcu.c...
compiling stm32f0xx_dma.c...
compiling stm32f0xx_exti.c...
compiling stm32f0xx_flash.c...
compiling stm32f0xx_gpio.c...
compiling stm32f0xx_misc.c...
compiling stm32f0xx_rcc.c...
compiling stm32f0xx_syscfg.c...
compiling stm32f0xx_tim.c...
compiling stm32f0xx_usart.c...
compiling bisch.c...
compiling main.c...
compiling system_stm32f0xx.c...
compiling mcu.c...
compiling mdo.c...
compiling mvect.c...
compiling cfg_bisch.c...
compiling demo0.c...
compiling cfg_demo0.c...
compiling cfg_demo1.c...
compiling cfg_bsw.c...
linking...
Program Size: Code=1120 RO-data=256 RW-data=28 ZI-data=1028  
FromELF: creating hex file...
User command #1: copy2out.bat
